// Jest Snapshot v1, https://goo.gl/fbAQLP

exports[`Pruebas sobre el componente <GifGrid/> debe de mostrar el componente correctamente 1`] = `
<Fragment>
  <h3
    className="card animate__animated animate__fadeIn"
  >
    Dragon Ball
  </h3>
  <p
    className="card animate__animated animate__flash"
  >
    Loading
  </p>
  <div
    className="card-grid"
  />
</Fragment>
`;
